[    2333ms] [WARNING] An iframe which has both allow-scripts and allow-same-origin for its sandbox attribute can escape its sandboxing. @ https://tst-nmc-ahcare.adeahub.co/provider/silent-check-sso.html#error=login_required&state=51a05089-439e-4d75-8c74-8aa0983752ff&iss=https%3A%2F%2Flogin.adeahub.co%2Frealms%2FNMCALPHA:0
[   32017ms] [LOG] [FLUENT_DEBUG t=2143.8] tier-change effect ran — isMobile: false isTablet: true isPrintingRef: false @ https://tst-nmc-ahcare.adeahub.co/provider/assets/fluent-layout-BcExarSa.js:1
[   32019ms] [LOG] [FLUENT_DEBUG t=2147.3] tier-change effect no-op — isInitialMount: true tierUnchanged: false prevTier: null @ https://tst-nmc-ahcare.adeahub.co/provider/assets/fluent-layout-BcExarSa.js:1
[   32777ms] [ERROR] Failed to load resource: the server responded with a status of 404 () @ https://tst-nmc-ahcare-api.adeahub.co/master/practitioners/PWUSER/photo:0
[   32865ms] [LOG] [SpeechRecognition] API supported: true @ https://tst-nmc-ahcare.adeahub.co/provider/assets/AppointmentsTab-BCgRtr96.js:0
[  114222ms] [WARNING] An iframe which has both allow-scripts and allow-same-origin for its sandbox attribute can escape its sandboxing. @ https://tst-nmc-ahcare.adeahub.co/provider/silent-check-sso.html#state=0a43ced4-b91f-4ee8-98b6-26746b8933b2&session_state=4c787775-844c-4950-adf5-ce0635417851&iss=https%3A%2F%2Flogin.adeahub.co%2Frealms%2FNMCALPHA&code=fd0e44a0-93cd-499b-b8be-5d9b96b7f175.4c787775-844c-4950-adf5-ce0635417851.229b9704-5d09-4fd7-b24b-d9e4aa8cc193:0
[  114420ms] [LOG] [FLUENT_DEBUG t=753.5] tier-change effect ran — isMobile: false isTablet: true isPrintingRef: false @ https://tst-nmc-ahcare.adeahub.co/provider/assets/fluent-layout-BcExarSa.js:1
[  114420ms] [LOG] [FLUENT_DEBUG t=754.0] tier-change effect no-op — isInitialMount: true tierUnchanged: false prevTier: null @ https://tst-nmc-ahcare.adeahub.co/provider/assets/fluent-layout-BcExarSa.js:1
[  114434ms] [LOG] Worklist Request Body: {encounterType: OP, facilityId: JD, languageId: en, searchContent: , page: 1} @ https://tst-nmc-ahcare.adeahub.co/provider/assets/patientlist.service-DFxa6jMq.js:0
[  114637ms] [LOG] API Response data: {data: Object, requestId: 71776299-5b29-43bd-ab1a-ab4c1c852f4d, statusCode: 200, success: true, timestamp: 2026-09-06 21:24:38} @ https://tst-nmc-ahcare.adeahub.co/provider/assets/patientlist.service-DFxa6jMq.js:0
[  114637ms] [LOG] API Response data: {requestId: 71776299-5b29-43bd-ab1a-ab4c1c852f4d, data: Array(1), total: 1, page: 1, limit: 10} @ https://tst-nmc-ahcare.adeahub.co/provider/assets/patientlist.service-DFxa6jMq.js:0
[  114692ms] [ERROR] Failed to load resource: the server responded with a status of 404 () @ https://tst-nmc-ahcare-api.adeahub.co/master/practitioners/PWUSER/photo:0
[  114903ms] [ERROR] Failed to load resource: the server responded with a status of 404 () @ https://tst-nmc-ahcare-api.adeahub.co/master/practitioners/PWUSER/photo:0
[  114907ms] [LOG] [SpeechRecognition] API supported: true @ https://tst-nmc-ahcare.adeahub.co/provider/assets/AppointmentsTab-BCgRtr96.js:0
[  121218ms] [LOG] [FLUENT_DEBUG t=7551.7] dispatch DETAIL_PANE_SHOW changed panes: nav true->true, detail false->true, side false->false @ https://tst-nmc-ahcare.adeahub.co/provider/assets/fluent-layout-BcExarSa.js:1
[  121712ms] [LOG] [FLUENT_DEBUG t=8045.4] dispatch DETAIL_PANE_HIDE changed panes: nav true->true, detail true->false, side false->false @ https://tst-nmc-ahcare.adeahub.co/provider/assets/fluent-layout-BcExarSa.js:1
[  123710ms] [LOG] [SpeechRecognition] API supported: true @ https://tst-nmc-ahcare.adeahub.co/provider/assets/AppointmentsTab-BCgRtr96.js:0
[  124731ms] [LOG] [FLUENT_DEBUG t=11064.4] dispatch NAV_PANE_HIDE changed panes: nav true->false, detail false->false, side false->false @ https://tst-nmc-ahcare.adeahub.co/provider/assets/fluent-layout-BcExarSa.js:1
[  398668ms] [LOG] [FLUENT_DEBUG t=285002.0] dispatch NAV_PANE_SHOW changed panes: nav false->true, detail false->false, side false->false @ https://tst-nmc-ahcare.adeahub.co/provider/assets/fluent-layout-BcExarSa.js:1
[  400594ms] [LOG] [FLUENT_DEBUG t=286927.9] dispatch NAV_PANE_HIDE changed panes: nav true->false, detail false->false, side false->false @ https://tst-nmc-ahcare.adeahub.co/provider/assets/fluent-layout-BcExarSa.js:1
